run_id: e4-20261002T214915Z-2306
date_utc: 2026-10-02T21:49:16Z
host: Linux x86_64, kernel 6.17.0-1022-azure
os: Ubuntu 24.04.5 LTS
docker_server: 28.0.4 (Docker Engine - Community)
cgroup: v2 / systemd
node: v22.23.3
image: busybox@sha256:73aaf090f3d85aa34ee199857f03fa3a95c8ede2ffd4cc2cdb5b94e566b11662
timing_ms: renew=1000 lease_timeout=5000 kill_grace=3000 docker_op=10000 harness_slack=1500
evidence: yes
21:49:17 == S0 baseline: payload completes
21:49:20 RESULT s0.end_state PASS — recorded completed/supervisor/cli_proposal:exit=0 oom=false
21:49:20 RESULT s0.cleanup PASS — 0 containers, volumes or networks left
21:49:20 == S1 CLI SIGKILLed mid-stage (payload evasive, deadline far away)
21:49:27 S1 CLI killed
21:49:35 RESULT s1.bounded_termination PASS — all containers stopped 7565 ms after CLI SIGKILL (bound 19500 ms = lease 5000 + grace 3000 + docker_op 10000 + slack 1500)
21:49:35 RESULT s1.bounded_cleanup OBSERVED — all resources removed 8102 ms after CLI SIGKILL
21:49:35 RESULT s1.in_container_timeout_defeated OBSERVED — payload killed its own 4 s timeout watcher and kept running; only the external lease ended it
21:49:35 RESULT s1.children FAIL — children before=3 after=0
21:49:35 RESULT s1.end_state PASS — recorded ABANDONED/supervisor/lease_expired
21:49:35 RESULT s1.cleanup PASS — 0 containers, volumes or networks left
21:49:35 == S2 deadline: payload disables its timeout, CLI alive and renewing
21:49:47 RESULT s2.deadline_enforced PASS — stopped 11143 ms after stage ack (deadline 8000 + grace 3000; bound 22500) while the lease kept renewing
21:49:47 RESULT s2.in_container_timeout_defeated OBSERVED — payload outlived its own 4 s timeout; only the external deadline stopped it
21:49:47 RESULT s2.children FAIL — children before=3 after=0
21:49:47 RESULT s2.end_state PASS — recorded timeout/supervisor/stage_deadline
21:49:47 RESULT s2.cleanup PASS — 0 containers, volumes or networks left
21:49:47 == S4a supervisor SIGKILLed, CLI alive
21:49:50 S4a supervisor killed
21:49:51 RESULT s4a.cli_recovery PASS — CLI detected the dead supervisor and stopped everything in 540 ms (bound 12000)
21:49:51 RESULT s4a.end_state PASS — recorded infra_error/cli/supervisor_lost
21:49:51 RESULT s4a.cleanup PASS — 0 containers, volumes or networks left
21:49:51 == S4b CLI and supervisor both SIGKILLed; reaper at next start
21:49:54 S4b both killed
21:50:04 RESULT s4b.unbounded_until_restart OBSERVED — 3 container(s) still running 10 s after both died: with no enforcer alive, termination waits for the next QB start (documented residual, G5b)
{"runId":"e4-20261002T214915Z-2306-s4b","decision":"reaped","won":true,"kill_ms":116,"left":{"containers":0,"networks":0,"volumes":0}}
21:50:04 RESULT s4b.reaper OBSERVED — reaper stopped everything 460 ms and removed it 460 ms after it started
21:50:04 RESULT s4b.end_state PASS — recorded ABANDONED/reaper/owners_dead
21:50:04 RESULT s4b.cleanup PASS — 0 containers, volumes or networks left
21:50:04 == S4c supervisor never becomes ready
21:50:14 RESULT s4c.no_resources PASS — CLI gave up after the readiness timeout, killed the supervisor, created no Docker resources
21:50:14 RESULT s4c.end_state PASS — recorded infra_error/cli/supervisor_not_ready
21:50:14 RESULT s4c.cleanup PASS — 0 containers, volumes or networks left
21:50:14 == S8 first 'docker kill' hangs; enforcement must continue after docker_op timeout
21:50:35 RESULT s8.hung_docker PASS — first docker kill hung and was killed after 10000 ms; retry stopped everything 19391 ms after ack (bound 30500)
21:50:35 RESULT s8.end_state PASS — recorded timeout/supervisor/stage_deadline
21:50:35 RESULT s8.cleanup PASS — 0 containers, volumes or networks left
21:50:35 == S6 two writers commit different terminal states at the same instant (200 rounds)
{"rounds":200,"exactly_one_winner":200,"violations":[]}
21:51:06 RESULT s6.single_terminal_writer PASS — exactly one winner and a matching file in every round: {"rounds":200,"exactly_one_winner":200,"violations":[]}
21:51:06 == S7 a live process with the recorded pid but a different start time is not the owner
{"runId":"e4-20261002T214915Z-2306-s7a","decision":"reaped","won":true,"kill_ms":28,"left":{"containers":0,"networks":0,"volumes":0}}
{"runId":"e4-20261002T214915Z-2306-s7b","decision":"owner_alive","cliAlive":true,"supAlive":true}
21:51:06 RESULT s7.pid_reuse PASS — same pid + different start time → reaped; same pid + same start time → left alone
21:51:06 results: /home/runner/work/_temp/e4-lifecycle/results.md
