run_id: e4-20261002T221153Z-2116
date_utc: 2026-10-02T22:11:56Z
host: Linux x86_64, kernel 6.17.0-1022-azure
os: Ubuntu 24.04.5 LTS
docker_server: 28.0.4 (Docker Engine - Community)
cgroup: v2 / systemd
node: v22.23.3
image: busybox@sha256:73aaf090f3d85aa34ee199857f03fa3a95c8ede2ffd4cc2cdb5b94e566b11662
timing_ms: renew=1000 lease_timeout=5000 kill_grace=3000 docker_op=10000 harness_slack=1500
evidence: yes
22:12:00 == S0 baseline: payload completes
22:12:07 RESULT s0.end_state PASS — recorded completed/supervisor/cli_proposal:exit=0 oom=false
22:12:07 RESULT s0.cleanup PASS — 0 containers, volumes or networks left
22:12:07 == S1 CLI SIGKILLed mid-stage (payload evasive, deadline far away)
PID                 PPID                COMMAND
3069                3045                /sbin/docker-init -- timeout -s KILL 4 sh -c echo start ( trap '' TERM; exec sleep 7001 ) & ( sh -c 'sleep 7002 &' & ) setsid sleep 7003 & nohup sleep 7004 >/dev/null 2>&1 & pkill -KILL -x timeout && echo "killed in-container timeout watcher" trap '' TERM INT HUP i=0; while :; do sleep 1; i=$((i+1)); echo "alive $i"; done
3081                3069                sh -c echo start ( trap '' TERM; exec sleep 7001 ) & ( sh -c 'sleep 7002 &' & ) setsid sleep 7003 & nohup sleep 7004 >/dev/null 2>&1 & pkill -KILL -x timeout && echo "killed in-container timeout watcher" trap '' TERM INT HUP i=0; while :; do sleep 1; i=$((i+1)); echo "alive $i"; done
3084                3081                sleep 7001
3087                3081                sleep 7003
3088                3081                sleep 7004
3090                3069                sh -c sleep 7002 &
22:12:14 S1 CLI killed
22:12:22 RESULT s1.bounded_termination PASS — all containers stopped 7680 ms after CLI SIGKILL (bound 19500 ms = lease 5000 + grace 3000 + docker_op 10000 + slack 1500)
22:12:22 RESULT s1.bounded_cleanup OBSERVED — all resources removed 7930 ms after CLI SIGKILL
22:12:22 RESULT s1.in_container_timeout_defeated OBSERVED — payload killed its own 4 s timeout watcher and kept running; only the external lease ended it
22:12:22 RESULT s1.children PASS — all 4 evasive children (bg, double-fork, setsid, nohup) seen running; 6 container processes snapshotted (pid+start time); 0 survive
22:12:22 RESULT s1.end_state PASS — recorded ABANDONED/supervisor/lease_expired
22:12:22 RESULT s1.cleanup PASS — 0 containers, volumes or networks left
22:12:22 == S2 deadline: payload disables its timeout, CLI alive and renewing
PID                 PPID                COMMAND
5244                5218                /sbin/docker-init -- timeout -s KILL 4 sh -c echo start ( trap '' TERM; exec sleep 7001 ) & ( sh -c 'sleep 7002 &' & ) setsid sleep 7003 & nohup sleep 7004 >/dev/null 2>&1 & pkill -KILL -x timeout && echo "killed in-container timeout watcher" trap '' TERM INT HUP i=0; while :; do sleep 1; i=$((i+1)); echo "alive $i"; done
5256                5244                sh -c echo start ( trap '' TERM; exec sleep 7001 ) & ( sh -c 'sleep 7002 &' & ) setsid sleep 7003 & nohup sleep 7004 >/dev/null 2>&1 & pkill -KILL -x timeout && echo "killed in-container timeout watcher" trap '' TERM INT HUP i=0; while :; do sleep 1; i=$((i+1)); echo "alive $i"; done
5259                5256                sleep 7001
5262                5256                sleep 7003
5263                5256                sleep 7004
5265                5244                sh -c sleep 7002 &
22:12:34 RESULT s2.deadline_enforced PASS — stopped 11127 ms after stage ack (deadline 8000 + grace 3000; bound 22500) while the lease kept renewing
22:12:34 RESULT s2.in_container_timeout_defeated OBSERVED — payload outlived its own 4 s timeout; only the external deadline stopped it
22:12:34 RESULT s2.children PASS — all 4 evasive children (bg, double-fork, setsid, nohup) seen running; 6 container processes snapshotted (pid+start time); 0 survive
22:12:34 RESULT s2.end_state PASS — recorded timeout/supervisor/stage_deadline
22:12:34 RESULT s2.cleanup PASS — 0 containers, volumes or networks left
22:12:34 == S4a supervisor SIGKILLed, CLI alive
22:12:37 S4a supervisor killed
22:12:37 RESULT s4a.cli_recovery PASS — CLI detected the dead supervisor and stopped everything in 765 ms (bound 12000)
22:12:38 RESULT s4a.end_state PASS — recorded infra_error/cli/supervisor_lost
22:12:38 RESULT s4a.cleanup PASS — 0 containers, volumes or networks left
22:12:38 == S4b CLI and supervisor both SIGKILLed; reaper at next start
22:12:40 S4b both killed
22:12:50 RESULT s4b.unbounded_until_restart OBSERVED — 3 container(s) still running 10 s after both died: with no enforcer alive, termination waits for the next QB start (documented residual, G5b)
{"runId":"e4-20261002T221153Z-2116-s4b","decision":"reaped","won":true,"kill_ms":104,"left":{"containers":0,"networks":0,"volumes":0}}
22:12:51 RESULT s4b.reaper OBSERVED — reaper stopped everything 370 ms and removed it 370 ms after it started
22:12:51 RESULT s4b.end_state PASS — recorded ABANDONED/reaper/owners_dead
22:12:51 RESULT s4b.cleanup PASS — 0 containers, volumes or networks left
22:12:51 == S4c supervisor never becomes ready
22:13:01 RESULT s4c.no_resources PASS — CLI gave up after the readiness timeout, killed the supervisor, created no Docker resources
22:13:01 RESULT s4c.end_state PASS — recorded infra_error/cli/supervisor_not_ready
22:13:01 RESULT s4c.cleanup PASS — 0 containers, volumes or networks left
22:13:01 == S8 first 'docker kill' hangs; enforcement must continue after docker_op timeout
22:13:21 RESULT s8.hung_docker PASS — first docker kill hung and was killed after 10000 ms; retry stopped everything 19356 ms after ack (bound 30500)
22:13:21 RESULT s8.end_state PASS — recorded timeout/supervisor/stage_deadline
22:13:21 RESULT s8.cleanup PASS — 0 containers, volumes or networks left
22:13:21 == S6 two writers commit different terminal states at the same instant (200 rounds)
{"rounds":200,"exactly_one_winner":200,"violations":[]}
22:13:52 RESULT s6.single_terminal_writer PASS — exactly one winner and a matching file in every round: {"rounds":200,"exactly_one_winner":200,"violations":[]}
22:13:52 == S7 a live process with the recorded pid but a different start time is not the owner
{"runId":"e4-20261002T221153Z-2116-s7a","decision":"reaped","won":true,"kill_ms":20,"left":{"containers":0,"networks":0,"volumes":0}}
{"runId":"e4-20261002T221153Z-2116-s7b","decision":"owner_alive","cliAlive":true,"supAlive":true}
22:13:52 RESULT s7.pid_reuse PASS — same pid + different start time → reaped; same pid + same start time → left alone
22:13:52 results: /home/runner/work/_temp/e4-lifecycle/results.md
