run_id: e2-20261002T183010Z-2325
date_utc: 2026-10-02T18:30:11Z
host: Linux x86_64, kernel 6.17.0-1022-azure
os: Ubuntu 24.04.5 LTS
docker_server: 28.0.4 (Docker Engine - Community, linux)
storage_driver: overlay2
cgroup: v2 / systemd
live_restore: false
host_swap: 1 device(s), 3145724 KiB
image: busybox@sha256:73aaf090f3d85aa34ee199857f03fa3a95c8ede2ffd4cc2cdb5b94e566b11662
volume_opts: type=tmpfs size=64m nr_inodes=20000 uid=10001
evidence: yes
18:30:11 == A: no keeper, stage containers removed after each stage
OK
MISSING work/seed
MISSING deps/seed
MISSING git/seed
MISSING verify/seed
MISSING out/seed
MISSING cred/seed
MISSING sock/seed
18:30:12 RESULT A.deps LOST — earlier sentinels missing (see raw.log)
MISSING work/seed
MISSING work/deps
MISSING deps/seed
MISSING deps/deps
MISSING git/seed
MISSING git/deps
MISSING verify/seed
MISSING verify/deps
MISSING out/seed
MISSING out/deps
MISSING cred/seed
MISSING cred/deps
MISSING sock/seed
MISSING sock/deps
18:30:13 RESULT A.agent LOST — earlier sentinels missing (see raw.log)
MISSING work/seed
MISSING work/deps
MISSING work/agent
MISSING deps/seed
MISSING deps/deps
MISSING deps/agent
MISSING git/seed
MISSING git/deps
MISSING git/agent
MISSING verify/seed
MISSING verify/deps
MISSING verify/agent
MISSING out/seed
MISSING out/deps
MISSING out/agent
MISSING cred/seed
MISSING cred/deps
MISSING cred/agent
MISSING sock/seed
MISSING sock/deps
MISSING sock/agent
18:30:13 RESULT A.capture LOST — earlier sentinels missing (see raw.log)
MISSING work/seed
MISSING work/deps
MISSING work/agent
MISSING work/capture
MISSING deps/seed
MISSING deps/deps
MISSING deps/agent
MISSING deps/capture
MISSING git/seed
MISSING git/deps
MISSING git/agent
MISSING git/capture
MISSING verify/seed
MISSING verify/deps
MISSING verify/agent
MISSING verify/capture
MISSING out/seed
MISSING out/deps
MISSING out/agent
MISSING out/capture
MISSING cred/seed
MISSING cred/deps
MISSING cred/agent
MISSING cred/capture
MISSING sock/seed
MISSING sock/deps
MISSING sock/agent
MISSING sock/capture
18:30:13 RESULT A.verify LOST — earlier sentinels missing (see raw.log)
18:30:13 == A2: no keeper, stopped stage containers left in place until the end
OK
MISSING work/seed
MISSING deps/seed
MISSING git/seed
MISSING verify/seed
MISSING out/seed
MISSING cred/seed
MISSING sock/seed
18:30:14 RESULT A2.deps LOST — earlier sentinels missing (see raw.log)
MISSING work/seed
MISSING work/deps
MISSING deps/seed
MISSING deps/deps
MISSING git/seed
MISSING git/deps
MISSING verify/seed
MISSING verify/deps
MISSING out/seed
MISSING out/deps
MISSING cred/seed
MISSING cred/deps
MISSING sock/seed
MISSING sock/deps
18:30:14 RESULT A2.agent LOST — earlier sentinels missing (see raw.log)
MISSING work/seed
MISSING work/deps
MISSING work/agent
MISSING deps/seed
MISSING deps/deps
MISSING deps/agent
MISSING git/seed
MISSING git/deps
MISSING git/agent
MISSING verify/seed
MISSING verify/deps
MISSING verify/agent
MISSING out/seed
MISSING out/deps
MISSING out/agent
MISSING cred/seed
MISSING cred/deps
MISSING cred/agent
MISSING sock/seed
MISSING sock/deps
MISSING sock/agent
18:30:14 RESULT A2.capture LOST — earlier sentinels missing (see raw.log)
MISSING work/seed
MISSING work/deps
MISSING work/agent
MISSING work/capture
MISSING deps/seed
MISSING deps/deps
MISSING deps/agent
MISSING deps/capture
MISSING git/seed
MISSING git/deps
MISSING git/agent
MISSING git/capture
MISSING verify/seed
MISSING verify/deps
MISSING verify/agent
MISSING verify/capture
MISSING out/seed
MISSING out/deps
MISSING out/agent
MISSING out/capture
MISSING cred/seed
MISSING cred/deps
MISSING cred/agent
MISSING cred/capture
MISSING sock/seed
MISSING sock/deps
MISSING sock/agent
MISSING sock/capture
18:30:15 RESULT A2.verify LOST — earlier sentinels missing (see raw.log)
18:30:15 == B: keeper holds every volume mounted
OK
OK
18:30:15 RESULT B.deps PASS — sentinels from [seed] present in all volumes
OK
18:30:16 RESULT B.agent PASS — sentinels from [seed deps] present in all volumes
OK
18:30:16 RESULT B.capture PASS — sentinels from [seed deps agent] present in all volumes
OK
18:30:16 RESULT B.verify PASS — sentinels from [seed deps agent capture] present in all volumes
18:30:16 verdicts: A=lost A2=lost B=kept
18:30:16 RESULT KEEPER.decision OBSERVED — contents lost without a keeper (A=lost A2=lost) but kept with one → keeper Ⓚ required (design row 2)
18:30:16 == C: stage killed mid-write (keeper present)
OK
18:30:19 RESULT C.no_workload_running PASS — killed stage confirmed stopped
OK
18:30:19 RESULT C.after_kill PASS — seed sentinels intact after a killed stage
partial
18:30:20 RESULT C.partial_write OBSERVED — killed stage's partial write remains in the workspace (capture will see it)
18:30:20 == D: daemon restart with a keeper holding seeded volumes
OK
18:30:21 RESULT D.keeper_after_restart OBSERVED — keeper state after restart: exited (live_restore=false)
MISSING work/seed
MISSING deps/seed
MISSING git/seed
MISSING verify/seed
MISSING out/seed
MISSING cred/seed
MISSING sock/seed
18:30:21 RESULT D.contents_after_restart OBSERVED — seed sentinels lost across daemon restart
18:30:21 RESULT D.detectable PASS — restart is detectable (keeper not running and/or sentinels missing) → run must end infra_error
18:30:21 == E: size and inode caps
dd: error writing '/v/work/fill': No space left on device
33+0 records in
32+0 records out
33554432 bytes (32.0MB) copied, 0.014135 seconds, 2.2GB/s
dd_exit=1
18:30:21 RESULT E.size_cap PASS — 64 MiB write into a 32 MiB volume failed with ENOSPC
sh: can't create /v/deps/f499: No space left on device
18:30:22 RESULT E.inode_cap PASS — file creation stopped at the inode cap (sh: can't create /v/deps/f499: No space left on device)
18:30:22 == F: memory accounting for tmpfs pages
18:30:42 RESULT F.writer_cgroup OBSERVED — writer memory.current while holding 96 MiB in tmpfs: 102064128 bytes
18:30:42 RESULT F.keeper_cgroup OBSERVED — keeper memory.current before/after: 1372160 / 634880 bytes
18:30:42 RESULT F.host_memavail OBSERVED — host MemAvailable before/after (writer exited, data retained): 15305256 / 15303516 KiB
Killed
dd_exit=137
18:30:42 RESULT F.limit_bounds_tmpfs OBSERVED — 96 MiB tmpfs write under --memory 48m: OOMKilled=true exit=0; dd_exit=137
18:30:42 == G: two concurrent runs, every volume filled to ~90% of cap
18:30:44 RESULT G.footprint OBSERVED — two runs × 7 volumes × 57 MiB: MemAvailable dropped 870 MiB (data written 798 MiB)
18:30:44 RESULT G.admission NOT_TESTABLE — QB admission (§8.1) is not implemented yet; G.footprint is the input it will use
18:30:44 results: /home/runner/work/_temp/e2-storage/results.md
